
> lmc@0.1.0 build
> next build

  Ôû▓ Next.js 14.2.24
  - Environments: .env

